{"datasets":[{"dbName":"callingcards","dataType":"binding","assay":"CallingCards","displayName":"Calling Cards","sourceRepo":"BrentLab/callingcards","sampleIdField":"gm_id","fields":["score","target_locus_tag"]},{"dbName":"hackett","dataType":"perturbation","assay":"overexpression","displayName":"Hackett 2020","sourceRepo":"BrentLab/hackett_2020","sampleIdField":"sample_id","fields":["effect","pvalue","target_locus_tag"]}]}