{"regulator":"YBR289W","dbA":"hackett","dbB":"hackett","colA":"log2_shrunken_timecourses","colB":"log2_shrunken_timecourses","method":"spearman","r":1,"points":[{"targetLocusTag":"YAL001C","valA":1,"valB":1},{"targetLocusTag":"YAL002W","valA":2,"valB":2},{"targetLocusTag":"YAL003W","valA":3,"valB":3},{"targetLocusTag":"YAL004W","valA":4,"valB":4},{"targetLocusTag":"YAL005C","valA":5,"valB":5}]}