{"regulator":"YBR289W","datasets":[{"dbName":"hackett","column":"log2_shrunken_timecourses","rows":[{"regulatorLocusTag":"YBR289W","targetLocusTag":"YAL001C","sampleId":"h_0","value":-3},{"regulatorLocusTag":"YBR289W","targetLocusTag":"YAL002W","sampleId":"h_0","value":-2.6842105263157894},{"regulatorLocusTag":"YBR289W","targetLocusTag":"YAL003W","sampleId":"h_0","value":-2.3684210526315788},{"regulatorLocusTag":"YBR289W","targetLocusTag":"YAL004W","sampleId":"h_0","value":-2.0526315789473686},{"regulatorLocusTag":"YBR289W","targetLocusTag":"YAL005C","sampleId":"h_0","value":-1.736842105263158}]}]}