{"regulator":"YBR289W","datasets":[{"dbName":"hackett","column":"log2_shrunken_timecourses","rows":[{"regulatorLocusTag":"YBR289W","targetLocusTag":"YAL001C","sampleId":"h_0","value":-3},{"regulatorLocusTag":"YBR289W","targetLocusTag":"YAL002W","sampleId":"h_0","value":-2.5714285714285716},{"regulatorLocusTag":"YBR289W","targetLocusTag":"YAL003W","sampleId":"h_0","value":-2.142857142857143},{"regulatorLocusTag":"YBR289W","targetLocusTag":"YAL004W","sampleId":"h_0","value":-1.7142857142857144},{"regulatorLocusTag":"YBR289W","targetLocusTag":"YAL005C","sampleId":"h_0","value":-1.2857142857142858}]}]}