{"rows":[{"bindingIdSource":"callingcards","perturbationIdSource":"hackett","dtoEmpiricalPvalue":0.001,"dtoFdr":0.01,"bindingSetSize":100,"perturbationSetSize":50,"bindingSampleId":"cc_0_a","pertSampleId":"h_0","time":"45"},{"bindingIdSource":"callingcards","perturbationIdSource":"hackett","dtoEmpiricalPvalue":0.005,"dtoFdr":0.03,"bindingSetSize":100,"perturbationSetSize":50,"bindingSampleId":"cc_1_a","pertSampleId":"h_1","time":"45"}]}